// Jest Snapshot v1, https://goo.gl/fbAQLP

exports[`App component Snapshot Should render valid snapshot 1`] = `
<DocumentFragment>
  <div
    class="container"
  >
    <div
      class="wrapper"
    >
      <section
        class="calculator"
      >
        <div
          class="header"
        >
          <span
            class="calculation"
            data-testid="calculation"
          />
          <span
            class="result"
            data-testid="result"
          >
            0
          </span>
        </div>
        <div
          class="controls"
        >
          <button
            class="button"
          >
            C
          </button>
          <button
            class="button"
          >
            âˆš
          </button>
          <button
            class="button"
          >
            %
          </button>
          <button
            class="button"
          >
            /
          </button>
          <button
            class="button"
          >
            7
          </button>
          <button
            class="button"
          >
            8
          </button>
          <button
            class="button"
          >
            9
          </button>
          <button
            class="button"
          >
            x
          </button>
          <button
            class="button"
          >
            4
          </button>
          <button
            class="button"
          >
            5
          </button>
          <button
            class="button"
          >
            6
          </button>
          <button
            class="button"
          >
            -
          </button>
          <button
            class="button"
          >
            1
          </button>
          <button
            class="button"
          >
            2
          </button>
          <button
            class="button"
          >
            3
          </button>
          <button
            class="button"
          >
            +
          </button>
          <button
            class="button"
          >
            00
          </button>
          <button
            class="button"
          >
            0
          </button>
          <button
            class="button"
          >
            ,
          </button>
          <button
            class="button result"
          >
            =
          </button>
        </div>
      </section>
    </div>
  </div>
</DocumentFragment>
`;
